<html>
<body>
<pre>
<h1>礦ision Build Log</h1>
<h2>Tool Versions:</h2>
IDE-Version: μVision V5.23.0.0
Copyright (C) 2017 ARM Ltd and ARM Germany GmbH. All rights reserved.
License Information: 2 1, 34, LIC=Z3CTG-VZDRC-15DTV-PM0TD-62JW2-UELL5
 
Tool Versions:
Toolchain:       MDK-ARM Professional  Version: 5.23
Toolchain Path:  C:\stm32and51\keil5\ARM\ARMCC\Bin
C Compiler:      Armcc.exe V5.06 update 4 (build 422)
Assembler:       Armasm.exe V5.06 update 4 (build 422)
Linker/Locator:  ArmLink.exe V5.06 update 4 (build 422)
Library Manager: ArmAr.exe V5.06 update 4 (build 422)
Hex Converter:   FromElf.exe V5.06 update 4 (build 422)
CPU DLL:         SARMCM3.DLL V5.23
Dialog DLL:      DARMSTM.DLL V1.68.0.0
Target DLL:      Segger\JL2CM3.dll V2.99.23.0
Dialog DLL:      TARMSTM.DLL V1.66.0.0
 
<h2>Project:</h2>
D:\d\school work\junior 2\创新项目\stm32及51资料\战舰V3 资料盘(A盘)\4，程序源码\2，标准例程-库函数版本\实验40 汉字显示实验\USER\test.uvprojx
Project File Date:  03/01/2015

<h2>Output:</h2>
*** Using Compiler 'V5.06 update 4 (build 422)', folder: 'C:\stm32and51\keil5\ARM\ARMCC\Bin'
Rebuild target 'Target 1'
assembling startup_stm32f10x_hd.s...
compiling delay.c...
compiling test.c...
compiling usart.c...
compiling led.c...
compiling ILI93xx.c...
compiling key.c...
compiling w25qxx.c...
compiling spi.c...
compiling sys.c...
compiling malloc.c...
compiling sdio_sdcard.c...
compiling diskio.c...
compiling ff.c...
compiling exfuns.c...
compiling mycc936.c...
compiling usmart_config.c...
compiling fontupd.c...
compiling fattester.c...
compiling usmart.c...
compiling text.c...
compiling usmart_str.c...
linking...
Program Size: Code=46082 RO-data=7806 RW-data=404 ZI-data=1094132  
FromELF: creating hex file...
"..\OBJ\test.axf" - 0 Error(s), 0 Warning(s).

<h2>Collection of Component include folders:</h2>
  .\RTE\_Target_1
  C:\stm32and51\keil5\ARM\PACK\Keil\STM32F1xx_DFP\1.1.0\Device\Include

<h2>Collection of Component Files used:</h2>
Build Time Elapsed:  00:00:06
</pre>
</body>
</html>
