<html>
<body>
<pre>
<h1>礦ision Build Log</h1>
<h2>Tool Versions:</h2>
IDE-Version: μVision V5.23.0.0
Copyright (C) 2017 ARM Ltd and ARM Germany GmbH. All rights reserved.
License Information: evand j, ahu, LIC=X1EUH-W0CC0-48YFA-1PZ1I-HTE5C-UZ3JV
 
Tool Versions:
Toolchain:       MDK-ARM Professional  Version: 5.23
Toolchain Path:  D:\mdk\ARM\ARMCC\Bin
C Compiler:      Armcc.exe V5.06 update 4 (build 422)
Assembler:       Armasm.exe V5.06 update 4 (build 422)
Linker/Locator:  ArmLink.exe V5.06 update 4 (build 422)
Library Manager: ArmAr.exe V5.06 update 4 (build 422)
Hex Converter:   FromElf.exe V5.06 update 4 (build 422)
CPU DLL:         SARMCM3.DLL V5.23
Dialog DLL:      DARMSTM.DLL V1.68.0.0
Target DLL:      STLink\ST-LINKIII-KEIL_SWO.dll V2.0.18.0
Dialog DLL:      TARMSTM.DLL V1.66.0.0
 
<h2>Project:</h2>
C:\Users\Evand\OneDrive\桌面\源程序\USER\TOUCH.uvprojx
Project File Date:  08/06/2020

<h2>Output:</h2>
*** Using Compiler 'V5.06 update 4 (build 422)', folder: 'D:\mdk\ARM\ARMCC\Bin'
Rebuild target 'TOUCH'
compiling led.c...
compiling key.c...
compiling stm32f10x_it.c...
compiling myiic.c...
compiling system_stm32f10x.c...
compiling main.c...
main.c(234): warning:  #223-D: function "chosedot" declared implicitly
  			 dot=chosedot();
main.c(236): warning:  #223-D: function "chosedotprint" declared implicitly
  			 chosedotprint(dot);
main.c(321): warning:  #223-D: function "evandplotmiss" declared implicitly
  		 evandplotmiss(i,180,420,WHITE);
main.c(322): warning:  #223-D: function "evandplotdot" declared implicitly
  		 evandplotdot(i,300-((tem10-0x30)*10+tem1-0x30)*2,BLACK);
main.c(333): warning:  #223-D: function "chosedot" declared implicitly
  					  dot=chosedot();
main.c(335): warning:  #223-D: function "chosedotprint" declared implicitly
  						chosedotprint(dot);
main.c(39): warning:  #550-D: variable "a2"  was set but never used
  	u8 a0,a1,a2,a3;
main.c(39): warning:  #550-D: variable "a3"  was set but never used
  	u8 a0,a1,a2,a3;
main.c(67): warning:  #177-D: label "UPD"  was declared but never referenced
  UPD:    
main.c: 9 warnings, 0 errors
compiling lcd.c...
compiling 24cxx.c...
compiling spi.c...
compiling ft5206.c...
compiling touch.c...
compiling w25qxx.c...
compiling ctiic.c...
compiling ott2001a.c...
compiling usart2.c...
compiling gt9147.c...
compiling delay.c...
compiling evandplot.c...
..\HARDWARE\evandplot\evandplot.c(27): warning:  #223-D: function "Show_Str" declared implicitly
  	Show_Str(20,70,200,16,"选择需要查看的监测点序号：",16,0);
..\HARDWARE\evandplot\evandplot.c(100): warning:  #940-D: missing return statement at end of non-void function "chosedot" 
  }
..\HARDWARE\evandplot\evandplot.c(105): warning:  #223-D: function "Show_Str" declared implicitly
  	Show_Str(20,120,200,16,"你选择的测试点为：  号",16,0);
..\HARDWARE\evandplot\evandplot.c(110): warning:  #1-D: last line of file ends without a newline
  	
..\HARDWARE\evandplot\evandplot.c: 4 warnings, 0 errors
compiling sdio_sdcard.c...
compiling rtc.c...
compiling usart.c...
assembling startup_stm32f10x_hd.s...
compiling sys.c...
compiling stm32f10x_gpio.c...
compiling core_cm3.c...
compiling stm32f10x_rcc.c...
compiling stm32f10x_spi.c...
compiling stm32f10x_fsmc.c...
compiling misc.c...
compiling stm32f10x_cec.c...
"no source": Error:  #5: cannot open source input file "..\..\RTC\瀹為獙15 RTC瀹為獙\STM32F10x_FWLib\src\stm32f10x_cec.c": No such file or directory
..\..\RTC\实验15 RTC实验\STM32F10x_FWLib\src\stm32f10x_cec.c: 0 warnings, 1 error
compiling stm32f10x_bkp.c...
"no source": Error:  #5: cannot open source input file "..\..\RTC\瀹為獙15 RTC瀹為獙\STM32F10x_FWLib\src\stm32f10x_bkp.c": No such file or directory
..\..\RTC\实验15 RTC实验\STM32F10x_FWLib\src\stm32f10x_bkp.c: 0 warnings, 1 error
compiling stm32f10x_rtc.c...
"no source": Error:  #5: cannot open source input file "..\..\RTC\瀹為獙15 RTC瀹為獙\STM32F10x_FWLib\src\stm32f10x_rtc.c": No such file or directory
..\..\RTC\实验15 RTC实验\STM32F10x_FWLib\src\stm32f10x_rtc.c: 0 warnings, 1 error
compiling stm32f10x_adc.c...
"no source": Error:  #5: cannot open source input file "..\..\RTC\瀹為獙15 RTC瀹為獙\STM32F10x_FWLib\src\stm32f10x_adc.c": No such file or directory
..\..\RTC\实验15 RTC实验\STM32F10x_FWLib\src\stm32f10x_adc.c: 0 warnings, 1 error
compiling stm32f10x_crc.c...
"no source": Error:  #5: cannot open source input file "..\..\RTC\瀹為獙15 RTC瀹為獙\STM32F10x_FWLib\src\stm32f10x_crc.c": No such file or directory
..\..\RTC\实验15 RTC实验\STM32F10x_FWLib\src\stm32f10x_crc.c: 0 warnings, 1 error
compiling stm32f10x_usart.c...
compiling stm32f10x_can.c...
"no source": Error:  #5: cannot open source input file "..\..\RTC\瀹為獙15 RTC瀹為獙\STM32F10x_FWLib\src\stm32f10x_can.c": No such file or directory
..\..\RTC\实验15 RTC实验\STM32F10x_FWLib\src\stm32f10x_can.c: 0 warnings, 1 error
compiling stm32f10x_dac.c...
"no source": Error:  #5: cannot open source input file "..\..\RTC\瀹為獙15 RTC瀹為獙\STM32F10x_FWLib\src\stm32f10x_dac.c": No such file or directory
..\..\RTC\实验15 RTC实验\STM32F10x_FWLib\src\stm32f10x_dac.c: 0 warnings, 1 error
compiling stm32f10x_exti.c...
"no source": Error:  #5: cannot open source input file "..\..\RTC\瀹為獙15 RTC瀹為獙\STM32F10x_FWLib\src\stm32f10x_exti.c": No such file or directory
..\..\RTC\实验15 RTC实验\STM32F10x_FWLib\src\stm32f10x_exti.c: 0 warnings, 1 error
compiling stm32f10x_dbgmcu.c...
"no source": Error:  #5: cannot open source input file "..\..\RTC\瀹為獙15 RTC瀹為獙\STM32F10x_FWLib\src\stm32f10x_dbgmcu.c": No such file or directory
..\..\RTC\实验15 RTC实验\STM32F10x_FWLib\src\stm32f10x_dbgmcu.c: 0 warnings, 1 error
compiling stm32f10x_pwr.c...
"no source": Error:  #5: cannot open source input file "..\..\RTC\瀹為獙15 RTC瀹為獙\STM32F10x_FWLib\src\stm32f10x_pwr.c": No such file or directory
..\..\RTC\实验15 RTC实验\STM32F10x_FWLib\src\stm32f10x_pwr.c: 0 warnings, 1 error
compiling stm32f10x_i2c.c...
"no source": Error:  #5: cannot open source input file "..\..\RTC\瀹為獙15 RTC瀹為獙\STM32F10x_FWLib\src\stm32f10x_i2c.c": No such file or directory
..\..\RTC\实验15 RTC实验\STM32F10x_FWLib\src\stm32f10x_i2c.c: 0 warnings, 1 error
compiling stm32f10x_iwdg.c...
"no source": Error:  #5: cannot open source input file "..\..\RTC\瀹為獙15 RTC瀹為獙\STM32F10x_FWLib\src\stm32f10x_iwdg.c": No such file or directory
..\..\RTC\实验15 RTC实验\STM32F10x_FWLib\src\stm32f10x_iwdg.c: 0 warnings, 1 error
compiling stm32f10x_dma.c...
"no source": Error:  #5: cannot open source input file "..\..\RTC\瀹為獙15 RTC瀹為獙\STM32F10x_FWLib\src\stm32f10x_dma.c": No such file or directory
..\..\RTC\实验15 RTC实验\STM32F10x_FWLib\src\stm32f10x_dma.c: 0 warnings, 1 error
compiling stm32f10x_flash.c...
"no source": Error:  #5: cannot open source input file "..\..\RTC\瀹為獙15 RTC瀹為獙\STM32F10x_FWLib\src\stm32f10x_flash.c": No such file or directory
..\..\RTC\实验15 RTC实验\STM32F10x_FWLib\src\stm32f10x_flash.c: 0 warnings, 1 error
compiling stm32f10x_wwdg.c...
"no source": Error:  #5: cannot open source input file "..\..\RTC\瀹為獙15 RTC瀹為獙\STM32F10x_FWLib\src\stm32f10x_wwdg.c": No such file or directory
..\..\RTC\实验15 RTC实验\STM32F10x_FWLib\src\stm32f10x_wwdg.c: 0 warnings, 1 error
compiling stm32f10x_sdio.c...
"no source": Error:  #5: cannot open source input file "..\..\RTC\瀹為獙15 RTC瀹為獙\STM32F10x_FWLib\src\stm32f10x_sdio.c": No such file or directory
..\..\RTC\实验15 RTC实验\STM32F10x_FWLib\src\stm32f10x_sdio.c: 0 warnings, 1 error
compiling stm32f10x_tim.c...
"no source": Error:  #5: cannot open source input file "..\..\RTC\瀹為獙15 RTC瀹為獙\STM32F10x_FWLib\src\stm32f10x_tim.c": No such file or directory
..\..\RTC\实验15 RTC实验\STM32F10x_FWLib\src\stm32f10x_tim.c: 0 warnings, 1 error
compiling text.c...
compiling diskio.c...
compiling ff.c...
compiling fontupd.c...
compiling mycc936.c...
compiling exfuns.c...
compiling fattester.c...
compiling malloc.c...
linking...
Program Size: Code=73038 RO-data=8410 RW-data=208 ZI-data=1094704  
FromELF: creating hex file...
"..\OBJ\TOUCH.axf" - 0 Error(s), 13 Warning(s).

<h2>Collection of Component include folders:</h2>
  .\RTE\_TOUCH
  D:\mdk\ARM\PACK\Keil\STM32F1xx_DFP\1.1.0\Device\Include

<h2>Collection of Component Files used:</h2>
Build Time Elapsed:  00:00:11
</pre>
</body>
</html>
